npm notice run redline-online@0.2.0 npx
npm notice run 'next' build
   ▲ Next.js 15.5.25

   Creating an optimized production build ...
 ✓ Compiled successfully in 1107ms
   Linting and checking validity of types ...
   Collecting page data ...
   Generating static pages (0/14) ...
   Generating static pages (3/14) 
   Generating static pages (6/14) 
   Generating static pages (10/14) 
 ✓ Generating static pages (14/14)
   Finalizing page optimization ...
   Collecting build traces ...

Route (app)                                 Size  First Load JS
┌ ƒ /                                      163 B         106 kB
├ ○ /_not-found                            999 B         104 kB
├ ○ /admin                               1.69 kB         105 kB
├ ƒ /api/admin/settings                    153 B         103 kB
├ ƒ /api/admin/testmail                    153 B         103 kB
├ ƒ /api/confirm                           153 B         103 kB
├ ƒ /api/confirm-link                      153 B         103 kB
├ ƒ /api/cron/ratings                      153 B         103 kB
├ ƒ /api/leaderboard                       153 B         103 kB
├ ƒ /api/player/[id]                       153 B         103 kB
├ ƒ /api/register                          153 B         103 kB
├ ƒ /api/registration                      153 B         103 kB
├ ƒ /api/runs                              153 B         103 kB
├ ƒ /api/version                           153 B         103 kB
├ ƒ /confirm/[id]                          711 B         104 kB
├ ƒ /player/[id]                           153 B         103 kB
├ ƒ /stats                                 153 B         103 kB
└ ƒ /trophies                              153 B         103 kB
+ First Load JS shared by all             103 kB
  ├ chunks/255-37e0f0325134c4d7.js       46.6 kB
  ├ chunks/4bd1b696-c023c6e3521b1417.js  54.4 kB
  └ other shared chunks (total)          1.89 kB


ƒ Middleware                             34.3 kB

○  (Static)   prerendered as static content
ƒ  (Dynamic)  server-rendered on demand

